+------------------------------------------------------------------------------+
| Test Name: calcDeltaVolPointMat                                              |
+------------------------------------------------------------------------------+
Eval Functions:
Dictionary Key: deltaVolumeMatPass
@value                    1 1e-10 1e-10
