+------------------------------------------------------------------------------+
| Test Name: buoyantBoussinesqSimpleDAFoam                                     |
+------------------------------------------------------------------------------+
Eval Functions:
Dictionary Key: CPL
@value    2.569245471034118 1e-10 1e-10
Dictionary Key: NUS
@value    368.4535255660106 1e-10 1e-10
Dictionary Key: fail
@value                    0 1e-10 1e-10
Eval Functions Sens:
Dictionary Key: CPL
Dictionary Key: shapex
@value    5.759857946112231 1e-06 1e-10
Dictionary Key: shapey
@value  -0.4386136440946922 1e-06 1e-10
Dictionary Key: shapez
@value   -7.630850913436118 1e-06 1e-10
Dictionary Key: NUS
Dictionary Key: shapex
@value    27.23085826531928 1e-06 1e-10
Dictionary Key: shapey
@value     10.5921423615411 1e-06 1e-10
Dictionary Key: shapez
@value    -44.8063047944172 1e-06 1e-10
Dictionary Key: fail
@value                    0 1e-06 1e-10
