+------------------------------------------------------------------------------+
| Test Name: calcSensMap                                                       |
+------------------------------------------------------------------------------+
Eval Functions:
Dictionary Key: CD
@value -0.002508611751220542 1e-10 1e-10
Dictionary Key: CL
@value   0.9937603878999344 1e-10 1e-10
Dictionary Key: fail
@value                    0 1e-10 1e-10
Eval Functions Sens:
Dictionary Key: CD
Dictionary Key: vCoords
@value -4.236884391382263e-09 1e-06 1e-10
Dictionary Key: CL
Dictionary Key: vCoords
@value 1.561991510746569e-06 1e-06 1e-10
