+------------------------------------------------------------------------------+
| Test Name: solidDisplacementDAFoam                                           |
+------------------------------------------------------------------------------+
Eval Functions:
Dictionary Key: VMS
@value    1898518.410714193 1e-10 1e-10
Dictionary Key: fail
@value                    0 1e-10 1e-10
Eval Functions Sens:
Dictionary Key: VMS
Dictionary Key: UIn
@value    188.3163430522773 1e-06 1e-10
Dictionary Key: fail
@value                    0 1e-06 1e-10
